0 verbose cli /usr/bin/node /usr/bin/npm
1 info using npm@10.8.2
2 info using node@v20.20.2
3 silly config load:file:/usr/lib/node_modules/npm/npmrc
4 silly config load:file:/home/user/.npmrc
5 silly config load:file:/usr/etc/npmrc
6 verbose title npm audit
7 verbose argv "audit" "--omit" "dev"
8 verbose logfile logs-max:10 dir:/home/user/.npm/_logs/2026-09-30T13_45_21_348Z-
9 verbose logfile /home/user/.npm/_logs/2026-09-30T13_45_21_348Z-debug-0.log
10 silly packumentCache heap:998768640 maxSize:249692160 maxEntrySize:124846080
11 silly logfile done cleaning log files
12 silly audit bulk request {
12 silly audit   '@supabase/auth-js': [ '2.109.0' ],
12 silly audit   '@supabase/functions-js': [ '2.109.0' ],
12 silly audit   '@supabase/phoenix': [ '0.4.4' ],
12 silly audit   '@supabase/postgrest-js': [ '2.109.0' ],
12 silly audit   '@supabase/realtime-js': [ '2.109.0' ],
12 silly audit   '@supabase/storage-js': [ '2.109.0' ],
12 silly audit   '@supabase/supabase-js': [ '2.109.0' ],
12 silly audit   'base64-arraybuffer': [ '1.0.2' ],
12 silly audit   cookie: [ '1.1.1' ],
12 silly audit   'core-util-is': [ '1.0.3' ],
12 silly audit   'css-line-break': [ '2.1.0' ],
12 silly audit   'framer-motion': [ '11.18.2' ],
12 silly audit   html2canvas: [ '1.4.1' ],
12 silly audit   'iceberg-js': [ '0.8.1' ],
12 silly audit   idb: [ '8.0.3' ],
12 silly audit   immediate: [ '3.0.6' ],
12 silly audit   inherits: [ '2.0.4' ],
12 silly audit   isarray: [ '1.0.0' ],
12 silly audit   'js-tokens': [ '4.0.0' ],
12 silly audit   jszip: [ '3.10.2' ],
12 silly audit   lie: [ '3.3.0' ],
12 silly audit   'loose-envify': [ '1.4.0' ],
12 silly audit   'lucide-react': [ '0.460.0' ],
12 silly audit   'motion-dom': [ '11.18.1' ],
12 silly audit   'motion-utils': [ '11.18.1' ],
12 silly audit   pako: [ '1.0.11' ],
12 silly audit   'process-nextick-args': [ '2.0.1' ],
12 silly audit   react: [ '18.3.1' ],
12 silly audit   'react-dom': [ '18.3.1' ],
12 silly audit   'react-router': [ '7.18.4' ],
12 silly audit   'react-router-dom': [ '7.18.4' ],
12 silly audit   'readable-stream': [ '2.3.8' ],
12 silly audit   'safe-buffer': [ '5.1.2' ],
12 silly audit   scheduler: [ '0.23.2' ],
12 silly audit   'set-cookie-parser': [ '2.7.2' ],
12 silly audit   setimmediate: [ '1.0.5' ],
12 silly audit   string_decoder: [ '1.1.1' ],
12 silly audit   'text-segmentation': [ '1.0.3' ],
12 silly audit   tslib: [ '2.8.1' ],
12 silly audit   'util-deprecate': [ '1.0.2' ],
12 silly audit   utrie: [ '1.0.2' ]
12 silly audit }
13 http fetch POST 200 https://registry.npmjs.org/-/npm/v1/security/advisories/bulk 133ms
14 silly audit report {}
15 verbose cwd /home/user
16 verbose os Linux 6.1.158+
17 verbose node v20.20.2
18 verbose npm  v10.8.2
19 verbose exit 0
20 info ok
