0 verbose cli /usr/bin/node /usr/bin/npm
1 info using npm@10.8.2
2 info using node@v20.20.2
3 silly config load:file:/usr/lib/node_modules/npm/npmrc
4 silly config load:file:/home/user/.npmrc
5 silly config load:file:/usr/etc/npmrc
6 verbose title npm audit
7 verbose argv "audit" "--omit" "dev"
8 verbose logfile logs-max:10 dir:/home/user/.npm/_logs/2026-09-30T14_13_07_111Z-
9 verbose logfile /home/user/.npm/_logs/2026-09-30T14_13_07_111Z-debug-0.log
10 silly packumentCache heap:998768640 maxSize:249692160 maxEntrySize:124846080
11 silly logfile start cleaning logs, removing 1 files
12 silly logfile done cleaning log files
13 silly audit bulk request {
13 silly audit   '@supabase/auth-js': [ '2.109.0' ],
13 silly audit   '@supabase/functions-js': [ '2.109.0' ],
13 silly audit   '@supabase/phoenix': [ '0.4.4' ],
13 silly audit   '@supabase/postgrest-js': [ '2.109.0' ],
13 silly audit   '@supabase/realtime-js': [ '2.109.0' ],
13 silly audit   '@supabase/storage-js': [ '2.109.0' ],
13 silly audit   '@supabase/supabase-js': [ '2.109.0' ],
13 silly audit   'base64-arraybuffer': [ '1.0.2' ],
13 silly audit   cookie: [ '1.1.1' ],
13 silly audit   'core-util-is': [ '1.0.3' ],
13 silly audit   'css-line-break': [ '2.1.0' ],
13 silly audit   'framer-motion': [ '11.18.2' ],
13 silly audit   html2canvas: [ '1.4.1' ],
13 silly audit   'iceberg-js': [ '0.8.1' ],
13 silly audit   idb: [ '8.0.3' ],
13 silly audit   immediate: [ '3.0.6' ],
13 silly audit   inherits: [ '2.0.4' ],
13 silly audit   isarray: [ '1.0.0' ],
13 silly audit   'js-tokens': [ '4.0.0' ],
13 silly audit   jszip: [ '3.10.2' ],
13 silly audit   lie: [ '3.3.0' ],
13 silly audit   'loose-envify': [ '1.4.0' ],
13 silly audit   'lucide-react': [ '0.460.0' ],
13 silly audit   'motion-dom': [ '11.18.1' ],
13 silly audit   'motion-utils': [ '11.18.1' ],
13 silly audit   pako: [ '1.0.11' ],
13 silly audit   'process-nextick-args': [ '2.0.1' ],
13 silly audit   react: [ '18.3.1' ],
13 silly audit   'react-dom': [ '18.3.1' ],
13 silly audit   'react-router': [ '7.18.4' ],
13 silly audit   'react-router-dom': [ '7.18.4' ],
13 silly audit   'readable-stream': [ '2.3.8' ],
13 silly audit   'safe-buffer': [ '5.1.2' ],
13 silly audit   scheduler: [ '0.23.2' ],
13 silly audit   'set-cookie-parser': [ '2.7.2' ],
13 silly audit   setimmediate: [ '1.0.5' ],
13 silly audit   string_decoder: [ '1.1.1' ],
13 silly audit   'text-segmentation': [ '1.0.3' ],
13 silly audit   tslib: [ '2.8.1' ],
13 silly audit   'util-deprecate': [ '1.0.2' ],
13 silly audit   utrie: [ '1.0.2' ]
13 silly audit }
14 http fetch POST 200 https://registry.npmjs.org/-/npm/v1/security/advisories/bulk 138ms
15 silly audit report {}
16 verbose cwd /home/user
17 verbose os Linux 6.1.158+
18 verbose node v20.20.2
19 verbose npm  v10.8.2
20 verbose exit 0
21 info ok
