0 verbose cli /usr/bin/node /usr/bin/npm
1 info using npm@10.8.2
2 info using node@v20.20.2
3 silly config load:file:/usr/lib/node_modules/npm/npmrc
4 silly config load:file:/home/user/.npmrc
5 silly config load:file:/usr/etc/npmrc
6 verbose title npm prune
7 verbose argv "prune"
8 verbose logfile logs-max:10 dir:/home/user/.npm/_logs/2026-09-30T13_45_13_551Z-
9 verbose logfile /home/user/.npm/_logs/2026-09-30T13_45_13_551Z-debug-0.log
10 silly packumentCache heap:998768640 maxSize:249692160 maxEntrySize:124846080
11 silly logfile done cleaning log files
12 silly idealTree buildDeps
13 verbose shrinkwrap failed to load node_modules/.package-lock.json out of date, updated: node_modules
14 silly reify mark retired [
14 silly reify   '/home/user/node_modules/playwright',
14 silly reify   '/home/user/node_modules/.bin/playwright'
14 silly reify ]
15 silly reify mark retired [
15 silly reify   '/home/user/node_modules/playwright-core',
15 silly reify   '/home/user/node_modules/.bin/playwright-core'
15 silly reify ]
16 silly reify moves {
16 silly reify   '/home/user/node_modules/playwright': '/home/user/node_modules/.playwright-JlB3N12u',
16 silly reify   '/home/user/node_modules/.bin/playwright': '/home/user/node_modules/.bin/.playwright-zXhQ9MPE',
16 silly reify   '/home/user/node_modules/playwright-core': '/home/user/node_modules/.playwright-core-0cvhwAtA',
16 silly reify   '/home/user/node_modules/.bin/playwright-core': '/home/user/node_modules/.bin/.playwright-core-dMyzAtrB'
16 silly reify }
17 silly audit bulk request {
17 silly audit   '@alloc/quick-lru': [ '5.3.0' ],
17 silly audit   '@babel/code-frame': [ '7.29.7' ],
17 silly audit   '@babel/compat-data': [ '7.29.7' ],
17 silly audit   '@babel/core': [ '7.29.7' ],
17 silly audit   '@babel/generator': [ '7.29.8' ],
17 silly audit   '@babel/helper-compilation-targets': [ '7.29.7' ],
17 silly audit   '@babel/helper-globals': [ '7.29.7' ],
17 silly audit   '@babel/helper-module-imports': [ '7.29.7' ],
17 silly audit   '@babel/helper-module-transforms': [ '7.29.7' ],
17 silly audit   '@babel/helper-plugin-utils': [ '7.29.7' ],
17 silly audit   '@babel/helper-string-parser': [ '7.29.7' ],
17 silly audit   '@babel/helper-validator-identifier': [ '7.29.7' ],
17 silly audit   '@babel/helper-validator-option': [ '7.29.7' ],
17 silly audit   '@babel/helpers': [ '7.29.7' ],
17 silly audit   '@babel/parser': [ '7.29.9' ],
17 silly audit   '@babel/plugin-transform-react-jsx-self': [ '7.29.7' ],
17 silly audit   '@babel/plugin-transform-react-jsx-source': [ '7.29.7' ],
17 silly audit   '@babel/template': [ '7.29.7' ],
17 silly audit   '@babel/traverse': [ '7.29.8' ],
17 silly audit   '@babel/types': [ '7.29.8' ],
17 silly audit   '@esbuild/aix-ppc64': [ '0.28.2', '0.25.12' ],
17 silly audit   '@esbuild/android-arm': [ '0.28.2', '0.25.12' ],
17 silly audit   '@esbuild/android-arm64': [ '0.28.2', '0.25.12' ],
17 silly audit   '@esbuild/android-x64': [ '0.28.2', '0.25.12' ],
17 silly audit   '@esbuild/darwin-arm64': [ '0.28.2', '0.25.12' ],
17 silly audit   '@esbuild/darwin-x64': [ '0.28.2', '0.25.12' ],
17 silly audit   '@esbuild/freebsd-arm64': [ '0.28.2', '0.25.12' ],
17 silly audit   '@esbuild/freebsd-x64': [ '0.28.2', '0.25.12' ],
17 silly audit   '@esbuild/linux-arm': [ '0.28.2', '0.25.12' ],
17 silly audit   '@esbuild/linux-arm64': [ '0.28.2', '0.25.12' ],
17 silly audit   '@esbuild/linux-ia32': [ '0.28.2', '0.25.12' ],
17 silly audit   '@esbuild/linux-loong64': [ '0.28.2', '0.25.12' ],
17 silly audit   '@esbuild/linux-mips64el': [ '0.28.2', '0.25.12' ],
17 silly audit   '@esbuild/linux-ppc64': [ '0.28.2', '0.25.12' ],
17 silly audit   '@esbuild/linux-riscv64': [ '0.28.2', '0.25.12' ],
17 silly audit   '@esbuild/linux-s390x': [ '0.28.2', '0.25.12' ],
17 silly audit   '@esbuild/linux-x64': [ '0.28.2', '0.25.12' ],
17 silly audit   '@esbuild/netbsd-arm64': [ '0.28.2', '0.25.12' ],
17 silly audit   '@esbuild/netbsd-x64': [ '0.28.2', '0.25.12' ],
17 silly audit   '@esbuild/openbsd-arm64': [ '0.28.2', '0.25.12' ],
17 silly audit   '@esbuild/openbsd-x64': [ '0.28.2', '0.25.12' ],
17 silly audit   '@esbuild/openharmony-arm64': [ '0.28.2', '0.25.12' ],
17 silly audit   '@esbuild/sunos-x64': [ '0.28.2', '0.25.12' ],
17 silly audit   '@esbuild/win32-arm64': [ '0.28.2', '0.25.12' ],
17 silly audit   '@esbuild/win32-ia32': [ '0.28.2', '0.25.12' ],
17 silly audit   '@esbuild/win32-x64': [ '0.28.2', '0.25.12' ],
17 silly audit   '@jridgewell/gen-mapping': [ '0.3.13' ],
17 silly audit   '@jridgewell/remapping': [ '2.3.5' ],
17 silly audit   '@jridgewell/resolve-uri': [ '3.1.2' ],
17 silly audit   '@jridgewell/sourcemap-codec': [ '1.6.0' ],
17 silly audit   '@jridgewell/trace-mapping': [ '0.3.31' ],
17 silly audit   '@napi-rs/lzma-linux-x64-gnu': [ '1.5.1' ],
17 silly audit   '@nodelib/fs.scandir': [ '2.1.5' ],
17 silly audit   '@nodelib/fs.stat': [ '2.0.5' ],
17 silly audit   '@nodelib/fs.walk': [ '1.2.8' ],
17 silly audit   '@rolldown/pluginutils': [ '1.0.0-beta.27' ],
17 silly audit   '@rollup/rollup-android-arm-eabi': [ '4.63.4' ],
17 silly audit   '@rollup/rollup-android-arm64': [ '4.63.4' ],
17 silly audit   '@rollup/rollup-darwin-arm64': [ '4.63.4' ],
17 silly audit   '@rollup/rollup-darwin-x64': [ '4.63.4' ],
17 silly audit   '@rollup/rollup-freebsd-arm64': [ '4.63.4' ],
17 silly audit   '@rollup/rollup-freebsd-x64': [ '4.63.4' ],
17 silly audit   '@rollup/rollup-linux-arm-gnueabihf': [ '4.63.4' ],
17 silly audit   '@rollup/rollup-linux-arm-musleabihf': [ '4.63.4' ],
17 silly audit   '@rollup/rollup-linux-arm64-gnu': [ '4.63.4' ],
17 silly audit   '@rollup/rollup-linux-arm64-musl': [ '4.63.4' ],
17 silly audit   '@rollup/rollup-linux-loong64-gnu': [ '4.63.4' ],
17 silly audit   '@rollup/rollup-linux-loong64-musl': [ '4.63.4' ],
17 silly audit   '@rollup/rollup-linux-ppc64-gnu': [ '4.63.4' ],
17 silly audit   '@rollup/rollup-linux-ppc64-musl': [ '4.63.4' ],
17 silly audit   '@rollup/rollup-linux-riscv64-gnu': [ '4.63.4' ],
17 silly audit   '@rollup/rollup-linux-riscv64-musl': [ '4.63.4' ],
17 silly audit   '@rollup/rollup-linux-s390x-gnu': [ '4.63.4' ],
17 silly audit   '@rollup/rollup-linux-x64-gnu': [ '4.63.4' ],
17 silly audit   '@rollup/rollup-linux-x64-musl': [ '4.63.4' ],
17 silly audit   '@rollup/rollup-openbsd-x64': [ '4.63.4' ],
17 silly audit   '@rollup/rollup-openharmony-arm64': [ '4.63.4' ],
17 silly audit   '@rollup/rollup-win32-arm64-msvc': [ '4.63.4' ],
17 silly audit   '@rollup/rollup-win32-ia32-msvc': [ '4.63.4' ],
17 silly audit   '@rollup/rollup-win32-x64-gnu': [ '4.63.4' ],
17 silly audit   '@rollup/rollup-win32-x64-msvc': [ '4.63.4' ],
17 silly audit   '@supabase/auth-js': [ '2.109.0' ],
17 silly audit   '@supabase/functions-js': [ '2.109.0' ],
17 silly audit   '@supabase/phoenix': [ '0.4.4' ],
17 silly audit   '@supabase/postgrest-js': [ '2.109.0' ],
17 silly audit   '@supabase/realtime-js': [ '2.109.0' ],
17 silly audit   '@supabase/storage-js': [ '2.109.0' ],
17 silly audit   '@supabase/supabase-js': [ '2.109.0' ],
17 silly audit   '@types/babel__core': [ '7.20.5' ],
17 silly audit   '@types/babel__generator': [ '7.27.0' ],
17 silly audit   '@types/babel__template': [ '7.4.4' ],
17 silly audit   '@types/babel__traverse': [ '7.28.0' ],
17 silly audit   '@types/estree': [ '1.0.9' ],
17 silly audit   '@types/prop-types': [ '15.7.15' ],
17 silly audit   '@types/react': [ '18.3.31' ],
17 silly audit   '@types/react-dom': [ '18.3.7' ],
17 silly audit   '@vitejs/plugin-react': [ '4.7.0' ],
17 silly audit   'any-promise': [ '1.3.0' ],
17 silly audit   anymatch: [ '3.1.3' ],
17 silly audit   arg: [ '5.0.2' ],
17 silly audit   autoprefixer: [ '10.6.1' ],
17 silly audit   'base64-arraybuffer': [ '1.0.2' ],
17 silly audit   'baseline-browser-mapping': [ '2.11.25' ],
17 silly audit   'binary-extensions': [ '2.3.0' ],
17 silly audit   braces: [ '3.0.3' ],
17 silly audit   browserslist: [ '4.29.0' ],
17 silly audit   'camelcase-css': [ '2.0.1' ],
17 silly audit   'caniuse-lite': [ '1.0.30001810' ],
17 silly audit   chokidar: [ '3.6.0' ],
17 silly audit   'glob-parent': [ '5.1.2', '6.0.2' ],
17 silly audit   commander: [ '4.1.1' ],
17 silly audit   'convert-source-map': [ '2.0.0' ],
17 silly audit   cookie: [ '1.1.1' ],
17 silly audit   'core-util-is': [ '1.0.3' ],
17 silly audit   'css-line-break': [ '2.1.0' ],
17 silly audit   cssesc: [ '3.0.0' ],
17 silly audit   csstype: [ '3.2.3' ],
17 silly audit   debug: [ '4.4.3' ],
17 silly audit   didyoumean: [ '1.2.2' ],
17 silly audit   dlv: [ '1.1.3' ],
17 silly audit   'electron-to-chromium': [ '1.5.438' ],
17 silly audit   'es-errors': [ '1.3.0' ],
17 silly audit   esbuild: [ '0.28.2', '0.25.12' ],
17 silly audit   escalade: [ '3.2.0' ],
17 silly audit   'fast-glob': [ '3.3.3' ],
17 silly audit   fastq: [ '1.20.3' ],
17 silly audit   'fill-range': [ '7.1.1' ],
17 silly audit   'fraction.js': [ '5.3.4' ],
17 silly audit   'framer-motion': [ '11.18.2' ],
17 silly audit   fsevents: [ '2.3.3' ],
17 silly audit   'function-bind': [ '1.1.2' ],
17 silly audit   gensync: [ '1.0.0-beta.2' ],
17 silly audit   hasown: [ '2.0.4' ],
17 silly audit   html2canvas: [ '1.4.1' ],
17 silly audit   'iceberg-js': [ '0.8.1' ],
17 silly audit   idb: [ '8.0.3' ],
17 silly audit   immediate: [ '3.0.6' ],
17 silly audit   inherits: [ '2.0.4' ],
17 silly audit   'is-binary-path': [ '2.1.0' ],
17 silly audit   'is-core-module': [ '2.17.0' ],
17 silly audit   'is-extglob': [ '2.1.1' ],
17 silly audit   'is-glob': [ '4.0.3' ],
17 silly audit   'is-number': [ '7.0.0' ],
17 silly audit   isarray: [ '1.0.0' ],
17 silly audit   jiti: [ '1.21.7' ],
17 silly audit   'js-tokens': [ '4.0.0' ],
17 silly audit   jsesc: [ '3.1.0' ],
17 silly audit   json5: [ '2.2.3' ],
17 silly audit   jszip: [ '3.10.2' ],
17 silly audit   lie: [ '3.3.0' ],
17 silly audit   lilconfig: [ '3.1.3' ],
17 silly audit   'lines-and-columns': [ '1.2.4' ],
17 silly audit   'loose-envify': [ '1.4.0' ],
17 silly audit   'lru-cache': [ '5.1.1' ],
17 silly audit   'lucide-react': [ '0.460.0' ],
17 silly audit   merge2: [ '1.4.1' ],
17 silly audit   micromatch: [ '4.0.8' ],
17 silly audit   'motion-dom': [ '11.18.1' ],
17 silly audit   'motion-utils': [ '11.18.1' ],
17 silly audit   ms: [ '2.1.3' ],
17 silly audit   mz: [ '2.7.0' ],
17 silly audit   nanoid: [ '3.3.19' ],
17 silly audit   'node-releases': [ '2.0.57' ],
17 silly audit   'normalize-path': [ '3.0.0' ],
17 silly audit   'object-assign': [ '4.1.1' ],
17 silly audit   'object-hash': [ '3.0.0' ],
17 silly audit   pako: [ '1.0.11' ],
17 silly audit   'path-parse': [ '1.0.7' ],
17 silly audit   picocolors: [ '1.1.1' ],
17 silly audit   picomatch: [ '2.3.2', '4.0.7' ],
17 silly audit   pirates: [ '4.0.7' ],
17 silly audit   postcss: [ '8.5.28' ],
17 silly audit   'postcss-import': [ '15.1.0' ],
17 silly audit   'postcss-js': [ '4.1.0' ],
17 silly audit   'postcss-load-config': [ '6.0.1' ],
17 silly audit   'postcss-nested': [ '6.2.0' ],
17 silly audit   'postcss-selector-parser': [ '6.1.4' ],
17 silly audit   'postcss-value-parser': [ '4.2.0' ],
17 silly audit   'process-nextick-args': [ '2.0.1' ],
17 silly audit   'queue-microtask': [ '1.2.3' ],
17 silly audit   react: [ '18.3.1' ],
17 silly audit   'react-dom': [ '18.3.1' ],
17 silly audit   'react-refresh': [ '0.17.0' ],
17 silly audit   'react-router': [ '7.18.4' ],
17 silly audit   'react-router-dom': [ '7.18.4' ],
17 silly audit   'read-cache': [ '1.0.2' ],
17 silly audit   'readable-stream': [ '2.3.8' ],
17 silly audit   readdirp: [ '3.6.0' ],
17 silly audit   resolve: [ '1.22.12' ],
17 silly audit   reusify: [ '1.1.0' ],
17 silly audit   rollup: [ '4.63.4' ],
17 silly audit   'run-parallel': [ '1.2.0' ],
17 silly audit   'safe-buffer': [ '5.1.2' ],
17 silly audit   scheduler: [ '0.23.2' ],
17 silly audit   semver: [ '6.3.1' ],
17 silly audit   'set-cookie-parser': [ '2.7.2' ],
17 silly audit   setimmediate: [ '1.0.5' ],
17 silly audit   'source-map-js': [ '1.2.1' ],
17 silly audit   string_decoder: [ '1.1.1' ],
17 silly audit   sucrase: [ '3.35.1' ],
17 silly audit   'supports-preserve-symlinks-flag': [ '1.0.0' ],
17 silly audit   tailwindcss: [ '3.4.19' ],
17 silly audit   'text-segmentation': [ '1.0.3' ],
17 silly audit   thenify: [ '3.3.1' ],
17 silly audit   'thenify-all': [ '1.6.0' ],
17 silly audit   tinyglobby: [ '0.2.17' ],
17 silly audit   fdir: [ '6.5.0' ],
17 silly audit   'to-regex-range': [ '5.0.1' ],
17 silly audit   'ts-interface-checker': [ '0.1.13' ],
17 silly audit   tslib: [ '2.8.1' ],
17 silly audit   'update-browserslist-db': [ '1.3.3' ],
17 silly audit   'util-deprecate': [ '1.0.2' ],
17 silly audit   utrie: [ '1.0.2' ],
17 silly audit   vite: [ '6.4.3' ],
17 silly audit   yallist: [ '3.1.1' ]
17 silly audit }
18 verbose reify failed optional dependency /home/user/node_modules/fsevents
19 silly reify mark deleted [ '/home/user/node_modules/fsevents' ]
20 verbose reify failed optional dependency /home/user/node_modules/@rollup/rollup-win32-x64-msvc
21 silly reify mark deleted [ '/home/user/node_modules/@rollup/rollup-win32-x64-msvc' ]
22 verbose reify failed optional dependency /home/user/node_modules/@rollup/rollup-win32-x64-gnu
23 silly reify mark deleted [ '/home/user/node_modules/@rollup/rollup-win32-x64-gnu' ]
24 verbose reify failed optional dependency /home/user/node_modules/@rollup/rollup-win32-ia32-msvc
25 silly reify mark deleted [ '/home/user/node_modules/@rollup/rollup-win32-ia32-msvc' ]
26 verbose reify failed optional dependency /home/user/node_modules/@rollup/rollup-win32-arm64-msvc
27 silly reify mark deleted [ '/home/user/node_modules/@rollup/rollup-win32-arm64-msvc' ]
28 verbose reify failed optional dependency /home/user/node_modules/@rollup/rollup-openharmony-arm64
29 silly reify mark deleted [ '/home/user/node_modules/@rollup/rollup-openharmony-arm64' ]
30 verbose reify failed optional dependency /home/user/node_modules/@rollup/rollup-openbsd-x64
31 silly reify mark deleted [ '/home/user/node_modules/@rollup/rollup-openbsd-x64' ]
32 verbose reify failed optional dependency /home/user/node_modules/@rollup/rollup-linux-s390x-gnu
33 silly reify mark deleted [ '/home/user/node_modules/@rollup/rollup-linux-s390x-gnu' ]
34 verbose reify failed optional dependency /home/user/node_modules/@rollup/rollup-linux-riscv64-musl
35 silly reify mark deleted [ '/home/user/node_modules/@rollup/rollup-linux-riscv64-musl' ]
36 verbose reify failed optional dependency /home/user/node_modules/@rollup/rollup-linux-riscv64-gnu
37 silly reify mark deleted [ '/home/user/node_modules/@rollup/rollup-linux-riscv64-gnu' ]
38 verbose reify failed optional dependency /home/user/node_modules/@rollup/rollup-linux-ppc64-musl
39 silly reify mark deleted [ '/home/user/node_modules/@rollup/rollup-linux-ppc64-musl' ]
40 verbose reify failed optional dependency /home/user/node_modules/@rollup/rollup-linux-ppc64-gnu
41 silly reify mark deleted [ '/home/user/node_modules/@rollup/rollup-linux-ppc64-gnu' ]
42 verbose reify failed optional dependency /home/user/node_modules/@rollup/rollup-linux-loong64-musl
43 silly reify mark deleted [ '/home/user/node_modules/@rollup/rollup-linux-loong64-musl' ]
44 verbose reify failed optional dependency /home/user/node_modules/@rollup/rollup-linux-loong64-gnu
45 silly reify mark deleted [ '/home/user/node_modules/@rollup/rollup-linux-loong64-gnu' ]
46 verbose reify failed optional dependency /home/user/node_modules/@rollup/rollup-linux-arm64-musl
47 silly reify mark deleted [ '/home/user/node_modules/@rollup/rollup-linux-arm64-musl' ]
48 verbose reify failed optional dependency /home/user/node_modules/@rollup/rollup-linux-arm64-gnu
49 silly reify mark deleted [ '/home/user/node_modules/@rollup/rollup-linux-arm64-gnu' ]
50 verbose reify failed optional dependency /home/user/node_modules/@rollup/rollup-linux-arm-musleabihf
51 silly reify mark deleted [ '/home/user/node_modules/@rollup/rollup-linux-arm-musleabihf' ]
52 verbose reify failed optional dependency /home/user/node_modules/@rollup/rollup-linux-arm-gnueabihf
53 silly reify mark deleted [ '/home/user/node_modules/@rollup/rollup-linux-arm-gnueabihf' ]
54 verbose reify failed optional dependency /home/user/node_modules/@rollup/rollup-freebsd-x64
55 silly reify mark deleted [ '/home/user/node_modules/@rollup/rollup-freebsd-x64' ]
56 verbose reify failed optional dependency /home/user/node_modules/@rollup/rollup-freebsd-arm64
57 silly reify mark deleted [ '/home/user/node_modules/@rollup/rollup-freebsd-arm64' ]
58 verbose reify failed optional dependency /home/user/node_modules/@rollup/rollup-darwin-x64
59 silly reify mark deleted [ '/home/user/node_modules/@rollup/rollup-darwin-x64' ]
60 verbose reify failed optional dependency /home/user/node_modules/@rollup/rollup-darwin-arm64
61 silly reify mark deleted [ '/home/user/node_modules/@rollup/rollup-darwin-arm64' ]
62 verbose reify failed optional dependency /home/user/node_modules/@rollup/rollup-android-arm64
63 silly reify mark deleted [ '/home/user/node_modules/@rollup/rollup-android-arm64' ]
64 verbose reify failed optional dependency /home/user/node_modules/@rollup/rollup-android-arm-eabi
65 silly reify mark deleted [ '/home/user/node_modules/@rollup/rollup-android-arm-eabi' ]
66 verbose reify failed optional dependency /home/user/node_modules/@napi-rs/lzma-linux-x64-gnu
67 silly reify mark deleted [ '/home/user/node_modules/@napi-rs/lzma-linux-x64-gnu' ]
68 verbose reify failed optional dependency /home/user/node_modules/@esbuild/win32-x64
69 silly reify mark deleted [ '/home/user/node_modules/@esbuild/win32-x64' ]
70 verbose reify failed optional dependency /home/user/node_modules/@esbuild/win32-ia32
71 silly reify mark deleted [ '/home/user/node_modules/@esbuild/win32-ia32' ]
72 verbose reify failed optional dependency /home/user/node_modules/@esbuild/win32-arm64
73 silly reify mark deleted [ '/home/user/node_modules/@esbuild/win32-arm64' ]
74 verbose reify failed optional dependency /home/user/node_modules/@esbuild/sunos-x64
75 silly reify mark deleted [ '/home/user/node_modules/@esbuild/sunos-x64' ]
76 verbose reify failed optional dependency /home/user/node_modules/@esbuild/openharmony-arm64
77 silly reify mark deleted [ '/home/user/node_modules/@esbuild/openharmony-arm64' ]
78 verbose reify failed optional dependency /home/user/node_modules/@esbuild/openbsd-x64
79 silly reify mark deleted [ '/home/user/node_modules/@esbuild/openbsd-x64' ]
80 verbose reify failed optional dependency /home/user/node_modules/@esbuild/openbsd-arm64
81 silly reify mark deleted [ '/home/user/node_modules/@esbuild/openbsd-arm64' ]
82 verbose reify failed optional dependency /home/user/node_modules/@esbuild/netbsd-x64
83 silly reify mark deleted [ '/home/user/node_modules/@esbuild/netbsd-x64' ]
84 verbose reify failed optional dependency /home/user/node_modules/@esbuild/netbsd-arm64
85 silly reify mark deleted [ '/home/user/node_modules/@esbuild/netbsd-arm64' ]
86 verbose reify failed optional dependency /home/user/node_modules/@esbuild/linux-s390x
87 silly reify mark deleted [ '/home/user/node_modules/@esbuild/linux-s390x' ]
88 verbose reify failed optional dependency /home/user/node_modules/@esbuild/linux-riscv64
89 silly reify mark deleted [ '/home/user/node_modules/@esbuild/linux-riscv64' ]
90 verbose reify failed optional dependency /home/user/node_modules/@esbuild/linux-ppc64
91 silly reify mark deleted [ '/home/user/node_modules/@esbuild/linux-ppc64' ]
92 verbose reify failed optional dependency /home/user/node_modules/@esbuild/linux-mips64el
93 silly reify mark deleted [ '/home/user/node_modules/@esbuild/linux-mips64el' ]
94 verbose reify failed optional dependency /home/user/node_modules/@esbuild/linux-loong64
95 silly reify mark deleted [ '/home/user/node_modules/@esbuild/linux-loong64' ]
96 verbose reify failed optional dependency /home/user/node_modules/@esbuild/linux-ia32
97 silly reify mark deleted [ '/home/user/node_modules/@esbuild/linux-ia32' ]
98 verbose reify failed optional dependency /home/user/node_modules/@esbuild/linux-arm64
99 silly reify mark deleted [ '/home/user/node_modules/@esbuild/linux-arm64' ]
100 verbose reify failed optional dependency /home/user/node_modules/@esbuild/linux-arm
101 silly reify mark deleted [ '/home/user/node_modules/@esbuild/linux-arm' ]
102 verbose reify failed optional dependency /home/user/node_modules/@esbuild/freebsd-x64
103 silly reify mark deleted [ '/home/user/node_modules/@esbuild/freebsd-x64' ]
104 verbose reify failed optional dependency /home/user/node_modules/@esbuild/freebsd-arm64
105 silly reify mark deleted [ '/home/user/node_modules/@esbuild/freebsd-arm64' ]
106 verbose reify failed optional dependency /home/user/node_modules/@esbuild/darwin-x64
107 silly reify mark deleted [ '/home/user/node_modules/@esbuild/darwin-x64' ]
108 verbose reify failed optional dependency /home/user/node_modules/@esbuild/darwin-arm64
109 silly reify mark deleted [ '/home/user/node_modules/@esbuild/darwin-arm64' ]
110 verbose reify failed optional dependency /home/user/node_modules/@esbuild/android-x64
111 silly reify mark deleted [ '/home/user/node_modules/@esbuild/android-x64' ]
112 verbose reify failed optional dependency /home/user/node_modules/@esbuild/android-arm64
113 silly reify mark deleted [ '/home/user/node_modules/@esbuild/android-arm64' ]
114 verbose reify failed optional dependency /home/user/node_modules/@esbuild/android-arm
115 silly reify mark deleted [ '/home/user/node_modules/@esbuild/android-arm' ]
116 verbose reify failed optional dependency /home/user/node_modules/@esbuild/aix-ppc64
117 silly reify mark deleted [ '/home/user/node_modules/@esbuild/aix-ppc64' ]
118 verbose reify failed optional dependency /home/user/node_modules/vite/node_modules/@esbuild/win32-x64
119 silly reify mark deleted [ '/home/user/node_modules/vite/node_modules/@esbuild/win32-x64' ]
120 verbose reify failed optional dependency /home/user/node_modules/vite/node_modules/@esbuild/win32-ia32
121 silly reify mark deleted [ '/home/user/node_modules/vite/node_modules/@esbuild/win32-ia32' ]
122 verbose reify failed optional dependency /home/user/node_modules/vite/node_modules/@esbuild/win32-arm64
123 silly reify mark deleted [ '/home/user/node_modules/vite/node_modules/@esbuild/win32-arm64' ]
124 verbose reify failed optional dependency /home/user/node_modules/vite/node_modules/@esbuild/sunos-x64
125 silly reify mark deleted [ '/home/user/node_modules/vite/node_modules/@esbuild/sunos-x64' ]
126 verbose reify failed optional dependency /home/user/node_modules/vite/node_modules/@esbuild/openharmony-arm64
127 silly reify mark deleted [
127 silly reify   '/home/user/node_modules/vite/node_modules/@esbuild/openharmony-arm64'
127 silly reify ]
128 verbose reify failed optional dependency /home/user/node_modules/vite/node_modules/@esbuild/openbsd-x64
129 silly reify mark deleted [ '/home/user/node_modules/vite/node_modules/@esbuild/openbsd-x64' ]
130 verbose reify failed optional dependency /home/user/node_modules/vite/node_modules/@esbuild/openbsd-arm64
131 silly reify mark deleted [ '/home/user/node_modules/vite/node_modules/@esbuild/openbsd-arm64' ]
132 verbose reify failed optional dependency /home/user/node_modules/vite/node_modules/@esbuild/netbsd-x64
133 silly reify mark deleted [ '/home/user/node_modules/vite/node_modules/@esbuild/netbsd-x64' ]
134 verbose reify failed optional dependency /home/user/node_modules/vite/node_modules/@esbuild/netbsd-arm64
135 silly reify mark deleted [ '/home/user/node_modules/vite/node_modules/@esbuild/netbsd-arm64' ]
136 verbose reify failed optional dependency /home/user/node_modules/vite/node_modules/@esbuild/linux-s390x
137 silly reify mark deleted [ '/home/user/node_modules/vite/node_modules/@esbuild/linux-s390x' ]
138 verbose reify failed optional dependency /home/user/node_modules/vite/node_modules/@esbuild/linux-riscv64
139 silly reify mark deleted [ '/home/user/node_modules/vite/node_modules/@esbuild/linux-riscv64' ]
140 verbose reify failed optional dependency /home/user/node_modules/vite/node_modules/@esbuild/linux-ppc64
141 silly reify mark deleted [ '/home/user/node_modules/vite/node_modules/@esbuild/linux-ppc64' ]
142 verbose reify failed optional dependency /home/user/node_modules/vite/node_modules/@esbuild/linux-mips64el
143 silly reify mark deleted [ '/home/user/node_modules/vite/node_modules/@esbuild/linux-mips64el' ]
144 verbose reify failed optional dependency /home/user/node_modules/vite/node_modules/@esbuild/linux-loong64
145 silly reify mark deleted [ '/home/user/node_modules/vite/node_modules/@esbuild/linux-loong64' ]
146 verbose reify failed optional dependency /home/user/node_modules/vite/node_modules/@esbuild/linux-ia32
147 silly reify mark deleted [ '/home/user/node_modules/vite/node_modules/@esbuild/linux-ia32' ]
148 verbose reify failed optional dependency /home/user/node_modules/vite/node_modules/@esbuild/linux-arm64
149 silly reify mark deleted [ '/home/user/node_modules/vite/node_modules/@esbuild/linux-arm64' ]
150 verbose reify failed optional dependency /home/user/node_modules/vite/node_modules/@esbuild/linux-arm
151 silly reify mark deleted [ '/home/user/node_modules/vite/node_modules/@esbuild/linux-arm' ]
152 verbose reify failed optional dependency /home/user/node_modules/vite/node_modules/@esbuild/freebsd-x64
153 silly reify mark deleted [ '/home/user/node_modules/vite/node_modules/@esbuild/freebsd-x64' ]
154 verbose reify failed optional dependency /home/user/node_modules/vite/node_modules/@esbuild/freebsd-arm64
155 silly reify mark deleted [ '/home/user/node_modules/vite/node_modules/@esbuild/freebsd-arm64' ]
156 verbose reify failed optional dependency /home/user/node_modules/vite/node_modules/@esbuild/darwin-x64
157 silly reify mark deleted [ '/home/user/node_modules/vite/node_modules/@esbuild/darwin-x64' ]
158 verbose reify failed optional dependency /home/user/node_modules/vite/node_modules/@esbuild/darwin-arm64
159 silly reify mark deleted [ '/home/user/node_modules/vite/node_modules/@esbuild/darwin-arm64' ]
160 verbose reify failed optional dependency /home/user/node_modules/vite/node_modules/@esbuild/android-x64
161 silly reify mark deleted [ '/home/user/node_modules/vite/node_modules/@esbuild/android-x64' ]
162 verbose reify failed optional dependency /home/user/node_modules/vite/node_modules/@esbuild/android-arm64
163 silly reify mark deleted [ '/home/user/node_modules/vite/node_modules/@esbuild/android-arm64' ]
164 verbose reify failed optional dependency /home/user/node_modules/vite/node_modules/@esbuild/android-arm
165 silly reify mark deleted [ '/home/user/node_modules/vite/node_modules/@esbuild/android-arm' ]
166 verbose reify failed optional dependency /home/user/node_modules/vite/node_modules/@esbuild/aix-ppc64
167 silly reify mark deleted [ '/home/user/node_modules/vite/node_modules/@esbuild/aix-ppc64' ]
168 http fetch POST 200 https://registry.npmjs.org/-/npm/v1/security/advisories/bulk 199ms
169 silly audit report {}
170 silly ADD
171 silly ADD
172 silly ADD
173 silly ADD
174 silly ADD
175 silly ADD
176 silly ADD
177 silly ADD
178 silly ADD
179 silly ADD
180 silly ADD
181 silly ADD
182 silly ADD
183 silly ADD
184 silly ADD
185 silly ADD
186 silly ADD
187 silly ADD
188 silly ADD
189 silly ADD
190 silly ADD
191 silly ADD
192 silly ADD
193 silly ADD
194 silly ADD
195 silly ADD
196 silly ADD
197 silly ADD
198 silly ADD
199 silly ADD
200 silly ADD
201 silly ADD
202 silly ADD
203 silly ADD
204 silly ADD
205 silly ADD
206 silly ADD
207 silly ADD
208 silly ADD
209 silly ADD
210 silly ADD
211 silly ADD
212 silly ADD
213 silly ADD
214 silly ADD
215 silly ADD
216 silly ADD
217 silly ADD
218 silly ADD
219 silly ADD
220 silly ADD
221 silly ADD
222 silly ADD
223 silly ADD
224 silly ADD
225 silly ADD
226 silly ADD
227 silly ADD
228 silly ADD
229 silly ADD
230 silly ADD
231 silly ADD
232 silly ADD
233 silly ADD
234 silly ADD
235 silly ADD
236 silly ADD
237 silly ADD
238 silly ADD
239 silly ADD
240 silly ADD
241 silly ADD
242 silly ADD
243 silly ADD
244 silly ADD
245 silly REMOVE node_modules/playwright-core
246 silly REMOVE node_modules/playwright
247 verbose cwd /home/user
248 verbose os Linux 6.1.158+
249 verbose node v20.20.2
250 verbose npm  v10.8.2
251 verbose exit 0
252 info ok
